0 verbose cli D:\Program Files\nodejs\node.exe D:\工作资料\code\sysSpaider\gakuran-site\.corepack\v1\npm\12.0.2\bin\npm-cli.js
1 info using npm@12.0.2
2 info using node@v24.19.0
3 silly config load:file:D:\工作资料\code\sysSpaider\gakuran-site\.corepack\v1\npm\12.0.2\npmrc
4 silly config load:file:D:\工作资料\code\sysSpaider\gakuran-site\.npmrc
5 silly config load:file:C:\Users\Administrator\.npmrc
6 silly config load:file:D:\Program Files\nodejs\etc\npmrc
7 verbose title npm uninstall react-loading-skeleton
8 verbose argv "uninstall" "react-loading-skeleton" "--ignore-scripts" "--no-audit" "--no-fund"
9 verbose logfile logs-max:10 dir:D:\工作资料\code\sysSpaider\gakuran-site\.npm-cache\_logs\2026-08-21T08_27_26_126Z-
10 verbose logfile D:\工作资料\code\sysSpaider\gakuran-site\.npm-cache\_logs\2026-08-21T08_27_26_126Z-debug-0.log
11 silly logfile done cleaning log files
12 silly packumentCache heap:4496293888 maxSize:1124073472 maxEntrySize:562036736
13 silly idealTree buildDeps
14 verbose shrinkwrap failed to load node_modules/.package-lock.json out of date, updated: node_modules
15 silly reify mark retired [
15 silly reify   'D:\\工作资料\\code\\sysSpaider\\gakuran-site\\node_modules\\react-loading-skeleton'
15 silly reify ]
16 silly reify moves {
16 silly reify   'D:\\工作资料\\code\\sysSpaider\\gakuran-site\\node_modules\\react-loading-skeleton': 'D:\\工作资料\\code\\sysSpaider\\gakuran-site\\node_modules\\.react-loading-skeleton-rqcT687N'
16 silly reify }
17 silly REMOVE node_modules/react-loading-skeleton
18 verbose cwd D:\工作资料\code\sysSpaider\gakuran-site
19 verbose os Windows_NT 10.0.19044
20 verbose node v24.19.0
21 verbose npm  v12.0.2
22 verbose exit 0
23 info ok
